// Jest Snapshot v1, https://goo.gl/fbAQLP

exports[`Should render ExpenseListItem 1`] = `
<div>
  <Link
    to="/edit/1"
  >
    <h3>
      Joking
    </h3>
  </Link>
  <p>
    <i
      className="fa fa-inr"
    />
    19.95
    -
    31st December, 1969
  </p>
</div>
`;
